// Vitest Snapshot v1, https://vitest.dev/guide/snapshot.html

exports[`updateSourceMapUrls > replaces urls with CDN urls 1`] = `
"
// This is a test file
//# sourceMappingURL=https://unpkg.com/test-package@1.0.0/foo.js.map"
`;

exports[`updateSourceMapUrls > replaces urls with CDN urls 2`] = `
"
// This is a test file
//# sourceMappingURL=https://unpkg.com/test-package@1.0.0/foo.js.map"
`;

exports[`updateSourceMapUrls > replaces urls with CDN urls 3`] = `"// x"`;

exports[`updateSourceMapUrls > replaces urls with CDN urls 4`] = `"// x"`;

exports[`updateSourceMapUrls > skips on non-existent sourcemap 1`] = `
"
// This is a test file
//# sourceMappingURL=https://unpkg.com/test-package@1.0.0/foo.js.map"
`;
